// Jest Snapshot v1, https://goo.gl/fbAQLP

exports[`TodoCard rendering renders the TodoCard 1`] = `
<div
  className="MuiGrid-root MuiGrid-item"
>
  <div
    className="MuiPaper-root MuiCard-root makeStyles-card-1 MuiPaper-elevation1 MuiPaper-rounded"
  >
    <div
      className="MuiCardHeader-root"
    >
      <div
        className="MuiCardHeader-content"
      >
        <span
          className="MuiTypography-root MuiCardHeader-title MuiTypography-h5 MuiTypography-displayBlock"
        >
          test
        </span>
      </div>
      <div
        className="MuiCardHeader-action"
      >
        <button
          aria-label="settings"
          className="MuiButtonBase-root MuiIconButton-root"
          disabled={false}
          onBlur={[Function]}
          onClick={[Function]}
          onDragLeave={[Function]}
          onFocus={[Function]}
          onKeyDown={[Function]}
          onKeyUp={[Function]}
          onMouseDown={[Function]}
          onMouseLeave={[Function]}
          onMouseUp={[Function]}
          onTouchEnd={[Function]}
          onTouchMove={[Function]}
          onTouchStart={[Function]}
          tabIndex={0}
          type="button"
        >
          <span
            className="MuiIconButton-label"
          >
            <svg
              aria-hidden={true}
              className="MuiSvgIcon-root"
              focusable="false"
              viewBox="0 0 24 24"
            >
              <path
                d="M19 6.41L17.59 5 12 10.59 6.41 5 5 6.41 10.59 12 5 17.59 6.41 19 12 13.41 17.59 19 19 17.59 13.41 12z"
              />
            </svg>
          </span>
        </button>
      </div>
    </div>
    <div
      className="MuiCardContent-root makeStyles-content-2"
    >
      <div
        className="MuiGrid-root MuiGrid-item"
      >
        <span
          className="MuiTypography-root MuiTypography--subheading MuiTypography-caption"
        >
          test
        </span>
      </div>
      <div
        className="MuiGrid-root MuiGrid-item"
      >
        <span
          className="MuiTypography-root MuiTypography--subheading MuiTypography-caption"
        >
          personal
        </span>
      </div>
    </div>
  </div>
</div>
`;
